2026-09-09 18:56:24.714 [background-preinit] INFO  o.h.validator.internal.util.Version [reqId=N/A, user=N/A] - HV000001: Hibernate Validator 8.0.1.Final
2026-09-09 18:56:24.800 [restartedMain] INFO  c.decisionhub.DecisionHubApplication [reqId=N/A, user=N/A] - Starting DecisionHubApplication using Java 21.0.4 with PID 1968 (C:\Users\pabhi\Desktop\collab\Collaborative-Decision-Making-And-Community-Polling-Platform\backend\target\classes started by pabhi in C:\Users\pabhi\Desktop\collab\Collaborative-Decision-Making-And-Community-Polling-Platform\backend)
2026-09-09 18:56:24.801 [restartedMain] DEBUG c.decisionhub.DecisionHubApplication [reqId=N/A, user=N/A] - Running with Spring Boot v3.3.2, Spring v6.1.11
2026-09-09 18:56:24.802 [restartedMain] INFO  c.decisionhub.DecisionHubApplication [reqId=N/A, user=N/A] - No active profile set, falling back to 1 default profile: "default"
2026-09-09 18:56:24.859 [restartedMain] INFO  o.s.b.d.e.DevToolsPropertyDefaultsPostProcessor [reqId=N/A, user=N/A] - Devtools property defaults active! Set 'spring.devtools.add-properties' to 'false' to disable
2026-09-09 18:56:24.859 [restartedMain] INFO  o.s.b.d.e.DevToolsPropertyDefaultsPostProcessor [reqId=N/A, user=N/A] - For additional web related logging consider setting the 'logging.level.web' property to 'DEBUG'
2026-09-09 18:56:26.411 [restartedMain] INFO  o.s.d.r.c.RepositoryConfigurationDelegate [reqId=N/A, user=N/A] - Bootstrapping Spring Data JPA repositories in DEFAULT mode.
2026-09-09 18:56:26.561 [restartedMain] INFO  o.s.d.r.c.RepositoryConfigurationDelegate [reqId=N/A, user=N/A] - Finished Spring Data repository scanning in 142 ms. Found 21 JPA repository interfaces.
2026-09-09 18:56:27.880 [restartedMain] INFO  o.s.b.w.e.tomcat.TomcatWebServer [reqId=N/A, user=N/A] - Tomcat initialized with port 8080 (http)
2026-09-09 18:56:27.896 [restartedMain] INFO  o.a.coyote.http11.Http11NioProtocol [reqId=N/A, user=N/A] - Initializing ProtocolHandler ["http-nio-8080"]
2026-09-09 18:56:27.898 [restartedMain] INFO  o.a.catalina.core.StandardService [reqId=N/A, user=N/A] - Starting service [Tomcat]
2026-09-09 18:56:27.898 [restartedMain] INFO  o.a.catalina.core.StandardEngine [reqId=N/A, user=N/A] - Starting Servlet engine: [Apache Tomcat/10.1.26]
2026-09-09 18:56:28.011 [restartedMain] INFO  o.a.c.c.C.[Tomcat].[localhost].[/] [reqId=N/A, user=N/A] - Initializing Spring embedded WebApplicationContext
2026-09-09 18:56:28.011 [restartedMain] INFO  o.s.b.w.s.c.ServletWebServerApplicationContext [reqId=N/A, user=N/A] - Root WebApplicationContext: initialization completed in 3151 ms
2026-09-09 18:56:28.505 [restartedMain] INFO  com.zaxxer.hikari.HikariDataSource [reqId=N/A, user=N/A] - HikariPool-1 - Starting...
2026-09-09 18:56:28.829 [restartedMain] INFO  com.zaxxer.hikari.pool.HikariPool [reqId=N/A, user=N/A] - HikariPool-1 - Added connection org.postgresql.jdbc.PgConnection@506f67e9
2026-09-09 18:56:28.831 [restartedMain] INFO  com.zaxxer.hikari.HikariDataSource [reqId=N/A, user=N/A] - HikariPool-1 - Start completed.
2026-09-09 18:56:28.872 [restartedMain] INFO  org.flywaydb.core.FlywayExecutor [reqId=N/A, user=N/A] - Database: jdbc:postgresql://localhost:5432/decisionhub_db (PostgreSQL 18.4)
2026-09-09 18:56:28.883 [restartedMain] WARN  o.f.c.i.database.base.Database [reqId=N/A, user=N/A] - Flyway upgrade recommended: PostgreSQL 18.4 is newer than this version of Flyway and support has not been tested. The latest supported version of PostgreSQL is 16.
2026-09-09 18:56:28.977 [restartedMain] INFO  o.f.core.internal.command.DbValidate [reqId=N/A, user=N/A] - Successfully validated 9 migrations (execution time 00:00.070s)
2026-09-09 18:56:29.010 [restartedMain] INFO  o.f.core.internal.command.DbMigrate [reqId=N/A, user=N/A] - Current version of schema "public": 9
2026-09-09 18:56:29.015 [restartedMain] INFO  o.f.core.internal.command.DbMigrate [reqId=N/A, user=N/A] - Schema "public" is up to date. No migration necessary.
2026-09-09 18:56:29.173 [restartedMain] INFO  o.h.jpa.internal.util.LogHelper [reqId=N/A, user=N/A] - HHH000204: Processing PersistenceUnitInfo [name: default]
2026-09-09 18:56:29.287 [restartedMain] INFO  org.hibernate.Version [reqId=N/A, user=N/A] - HHH000412: Hibernate ORM core version 6.5.2.Final
2026-09-09 18:56:29.344 [restartedMain] INFO  o.h.c.i.RegionFactoryInitiator [reqId=N/A, user=N/A] - HHH000026: Second-level cache disabled
2026-09-09 18:56:29.464 [restartedMain] INFO  o.h.e.b.internal.EnversServiceImpl [reqId=N/A, user=N/A] - Envers integration enabled? : true
2026-09-09 18:56:29.718 [restartedMain] INFO  o.s.o.j.p.SpringPersistenceUnitInfo [reqId=N/A, user=N/A] - No LoadTimeWeaver setup: ignoring JPA class transformer
2026-09-09 18:56:29.804 [restartedMain] WARN  org.hibernate.orm.deprecation [reqId=N/A, user=N/A] - HHH90000025: PostgreSQLDialect does not need to be specified explicitly using 'hibernate.dialect' (remove the property setting and it will be selected by default)
2026-09-09 18:56:30.060 [restartedMain] WARN  o.h.boot.model.internal.ToOneBinder [reqId=N/A, user=N/A] - HHH000491: 'com.decisionhub.entity.Community.owner' uses both @NotFound and FetchType.LAZY. @ManyToOne and @OneToOne associations mapped with @NotFound are forced to EAGER fetching.
2026-09-09 18:56:30.072 [restartedMain] WARN  o.h.boot.model.internal.ToOneBinder [reqId=N/A, user=N/A] - HHH000491: 'com.decisionhub.entity.Decision.community' uses both @NotFound and FetchType.LAZY. @ManyToOne and @OneToOne associations mapped with @NotFound are forced to EAGER fetching.
2026-09-09 18:56:30.072 [restartedMain] WARN  o.h.boot.model.internal.ToOneBinder [reqId=N/A, user=N/A] - HHH000491: 'com.decisionhub.entity.Decision.createdBy' uses both @NotFound and FetchType.LAZY. @ManyToOne and @OneToOne associations mapped with @NotFound are forced to EAGER fetching.
2026-09-09 18:56:30.127 [restartedMain] WARN  o.h.boot.model.internal.ToOneBinder [reqId=N/A, user=N/A] - HHH000491: 'com.decisionhub.entity.Vote.decision' uses both @NotFound and FetchType.LAZY. @ManyToOne and @OneToOne associations mapped with @NotFound are forced to EAGER fetching.
2026-09-09 18:56:30.129 [restartedMain] WARN  o.h.boot.model.internal.ToOneBinder [reqId=N/A, user=N/A] - HHH000491: 'com.decisionhub.entity.Vote.user' uses both @NotFound and FetchType.LAZY. @ManyToOne and @OneToOne associations mapped with @NotFound are forced to EAGER fetching.
2026-09-09 18:56:30.135 [restartedMain] WARN  o.h.boot.model.internal.ToOneBinder [reqId=N/A, user=N/A] - HHH000491: 'com.decisionhub.entity.VoteSelection.option' uses both @NotFound and FetchType.LAZY. @ManyToOne and @OneToOne associations mapped with @NotFound are forced to EAGER fetching.
2026-09-09 18:56:30.136 [restartedMain] WARN  o.h.boot.model.internal.ToOneBinder [reqId=N/A, user=N/A] - HHH000491: 'com.decisionhub.entity.VoteSelection.vote' uses both @NotFound and FetchType.LAZY. @ManyToOne and @OneToOne associations mapped with @NotFound are forced to EAGER fetching.
2026-09-09 18:56:31.432 [restartedMain] INFO  o.h.e.t.j.p.i.JtaPlatformInitiator [reqId=N/A, user=N/A] - HHH000489: No JTA platform available (set 'hibernate.transaction.jta.platform' to enable JTA platform integration)
2026-09-09 18:56:31.839 [restartedMain] INFO  o.s.o.j.LocalContainerEntityManagerFactoryBean [reqId=N/A, user=N/A] - Initialized JPA EntityManagerFactory for persistence unit 'default'
2026-09-09 18:56:32.111 [restartedMain] INFO  o.s.d.j.r.query.QueryEnhancerFactory [reqId=N/A, user=N/A] - Hibernate is in classpath; If applicable, HQL parser will be used.
2026-09-09 18:56:32.701 [restartedMain] DEBUG c.d.s.jwt.JwtAuthenticationFilter [reqId=N/A, user=N/A] - Filter 'jwtAuthenticationFilter' configured for use
2026-09-09 18:56:32.702 [restartedMain] DEBUG c.d.filter.MdcLoggingFilter [reqId=N/A, user=N/A] - Filter 'mdcLoggingFilter' configured for use
2026-09-09 18:56:34.297 [restartedMain] INFO  o.s.s.c.a.a.c.InitializeUserDetailsBeanManagerConfigurer$InitializeUserDetailsManagerConfigurer [reqId=N/A, user=N/A] - Global AuthenticationManager configured with UserDetailsService bean with name customUserDetailsServiceImpl
2026-09-09 18:56:34.474 [restartedMain] INFO  c.d.s.impl.LocalStorageServiceImpl [reqId=N/A, user=N/A] - Storage directory initialized successfully at: C:\Users\pabhi\Desktop\collab\Collaborative-Decision-Making-And-Community-Polling-Platform\backend\uploads
2026-09-09 18:56:35.524 [restartedMain] INFO  o.s.b.a.e.web.EndpointLinksResolver [reqId=N/A, user=N/A] - Exposing 3 endpoints beneath base path '/actuator'
2026-09-09 18:56:36.115 [restartedMain] WARN  o.s.b.a.t.ThymeleafAutoConfiguration$DefaultTemplateResolverConfiguration [reqId=N/A, user=N/A] - Cannot find template location: classpath:/templates/ (please add some templates, check your Thymeleaf configuration, or set spring.thymeleaf.check-template-location=false)
2026-09-09 18:56:36.624 [restartedMain] WARN  o.s.b.d.a.OptionalLiveReloadServer [reqId=N/A, user=N/A] - Unable to start LiveReload server
2026-09-09 18:56:36.688 [restartedMain] INFO  o.a.coyote.http11.Http11NioProtocol [reqId=N/A, user=N/A] - Starting ProtocolHandler ["http-nio-8080"]
2026-09-09 18:56:36.716 [restartedMain] INFO  o.s.b.w.e.tomcat.TomcatWebServer [reqId=N/A, user=N/A] - Tomcat started on port 8080 (http) with context path '/'
2026-09-09 18:56:36.718 [restartedMain] INFO  o.s.m.s.b.SimpleBrokerMessageHandler [reqId=N/A, user=N/A] - Starting...
2026-09-09 18:56:36.719 [restartedMain] INFO  o.s.m.s.b.SimpleBrokerMessageHandler [reqId=N/A, user=N/A] - BrokerAvailabilityEvent[available=true, SimpleBrokerMessageHandler [org.springframework.messaging.simp.broker.DefaultSubscriptionRegistry@5ade7699]]
2026-09-09 18:56:36.719 [restartedMain] INFO  o.s.m.s.b.SimpleBrokerMessageHandler [reqId=N/A, user=N/A] - Started.
2026-09-09 18:56:36.735 [restartedMain] INFO  c.decisionhub.DecisionHubApplication [reqId=N/A, user=N/A] - Started DecisionHubApplication in 12.699 seconds (process running for 13.577)
2026-09-09 18:56:36.843 [restartedMain] INFO  c.decisionhub.config.DataInitializer [reqId=N/A, user=N/A] - Initializing database with default roles, users, communities and decisions...
2026-09-09 18:56:36.986 [restartedMain] INFO  c.decisionhub.config.DataInitializer [reqId=N/A, user=N/A] - Database initialization completed.
