2026-09-08 18:19:09.342 [background-preinit] INFO  o.h.validator.internal.util.Version [reqId=N/A, user=N/A] - HV000001: Hibernate Validator 8.0.1.Final
2026-09-08 18:19:09.410 [restartedMain] INFO  c.decisionhub.DecisionHubApplication [reqId=N/A, user=N/A] - Starting DecisionHubApplication using Java 21.0.12 with PID 12752 (C:\Users\pabhi\Desktop\collab\Collaborative-Decision-Making-And-Community-Polling-Platform\backend\target\classes started by pabhi in C:\Users\pabhi\Desktop\collab\Collaborative-Decision-Making-And-Community-Polling-Platform)
2026-09-08 18:19:09.411 [restartedMain] DEBUG c.decisionhub.DecisionHubApplication [reqId=N/A, user=N/A] - Running with Spring Boot v3.3.2, Spring v6.1.11
2026-09-08 18:19:09.413 [restartedMain] INFO  c.decisionhub.DecisionHubApplication [reqId=N/A, user=N/A] - No active profile set, falling back to 1 default profile: "default"
2026-09-08 18:19:09.498 [restartedMain] INFO  o.s.b.d.e.DevToolsPropertyDefaultsPostProcessor [reqId=N/A, user=N/A] - Devtools property defaults active! Set 'spring.devtools.add-properties' to 'false' to disable
2026-09-08 18:19:09.498 [restartedMain] INFO  o.s.b.d.e.DevToolsPropertyDefaultsPostProcessor [reqId=N/A, user=N/A] - For additional web related logging consider setting the 'logging.level.web' property to 'DEBUG'
2026-09-08 18:19:11.363 [restartedMain] INFO  o.s.d.r.c.RepositoryConfigurationDelegate [reqId=N/A, user=N/A] - Bootstrapping Spring Data JPA repositories in DEFAULT mode.
2026-09-08 18:19:11.547 [restartedMain] INFO  o.s.d.r.c.RepositoryConfigurationDelegate [reqId=N/A, user=N/A] - Finished Spring Data repository scanning in 174 ms. Found 21 JPA repository interfaces.
2026-09-08 18:19:12.909 [restartedMain] INFO  o.s.b.w.e.tomcat.TomcatWebServer [reqId=N/A, user=N/A] - Tomcat initialized with port 8080 (http)
2026-09-08 18:19:12.925 [restartedMain] INFO  o.a.coyote.http11.Http11NioProtocol [reqId=N/A, user=N/A] - Initializing ProtocolHandler ["http-nio-8080"]
2026-09-08 18:19:12.927 [restartedMain] INFO  o.a.catalina.core.StandardService [reqId=N/A, user=N/A] - Starting service [Tomcat]
2026-09-08 18:19:12.928 [restartedMain] INFO  o.a.catalina.core.StandardEngine [reqId=N/A, user=N/A] - Starting Servlet engine: [Apache Tomcat/10.1.26]
2026-09-08 18:19:13.020 [restartedMain] INFO  o.a.c.c.C.[Tomcat].[localhost].[/] [reqId=N/A, user=N/A] - Initializing Spring embedded WebApplicationContext
2026-09-08 18:19:13.020 [restartedMain] INFO  o.s.b.w.s.c.ServletWebServerApplicationContext [reqId=N/A, user=N/A] - Root WebApplicationContext: initialization completed in 3521 ms
2026-09-08 18:19:13.655 [restartedMain] INFO  com.zaxxer.hikari.HikariDataSource [reqId=N/A, user=N/A] - HikariPool-1 - Starting...
2026-09-08 18:19:13.968 [restartedMain] INFO  com.zaxxer.hikari.pool.HikariPool [reqId=N/A, user=N/A] - HikariPool-1 - Added connection org.postgresql.jdbc.PgConnection@725de7b1
2026-09-08 18:19:13.970 [restartedMain] INFO  com.zaxxer.hikari.HikariDataSource [reqId=N/A, user=N/A] - HikariPool-1 - Start completed.
2026-09-08 18:19:14.023 [restartedMain] INFO  org.flywaydb.core.FlywayExecutor [reqId=N/A, user=N/A] - Database: jdbc:postgresql://localhost:5432/decisionhub_db (PostgreSQL 18.4)
2026-09-08 18:19:14.036 [restartedMain] WARN  o.f.c.i.database.base.Database [reqId=N/A, user=N/A] - Flyway upgrade recommended: PostgreSQL 18.4 is newer than this version of Flyway and support has not been tested. The latest supported version of PostgreSQL is 16.
2026-09-08 18:19:14.136 [restartedMain] INFO  o.f.core.internal.command.DbValidate [reqId=N/A, user=N/A] - Successfully validated 8 migrations (execution time 00:00.077s)
2026-09-08 18:19:14.154 [restartedMain] INFO  o.f.core.internal.command.DbMigrate [reqId=N/A, user=N/A] - Current version of schema "public": 8
2026-09-08 18:19:14.158 [restartedMain] INFO  o.f.core.internal.command.DbMigrate [reqId=N/A, user=N/A] - Schema "public" is up to date. No migration necessary.
2026-09-08 18:19:14.375 [restartedMain] INFO  o.h.jpa.internal.util.LogHelper [reqId=N/A, user=N/A] - HHH000204: Processing PersistenceUnitInfo [name: default]
2026-09-08 18:19:14.534 [restartedMain] INFO  org.hibernate.Version [reqId=N/A, user=N/A] - HHH000412: Hibernate ORM core version 6.5.2.Final
2026-09-08 18:19:14.610 [restartedMain] INFO  o.h.c.i.RegionFactoryInitiator [reqId=N/A, user=N/A] - HHH000026: Second-level cache disabled
2026-09-08 18:19:14.734 [restartedMain] INFO  o.h.e.b.internal.EnversServiceImpl [reqId=N/A, user=N/A] - Envers integration enabled? : true
2026-09-08 18:19:14.982 [restartedMain] INFO  o.s.o.j.p.SpringPersistenceUnitInfo [reqId=N/A, user=N/A] - No LoadTimeWeaver setup: ignoring JPA class transformer
2026-09-08 18:19:15.077 [restartedMain] WARN  org.hibernate.orm.deprecation [reqId=N/A, user=N/A] - HHH90000025: PostgreSQLDialect does not need to be specified explicitly using 'hibernate.dialect' (remove the property setting and it will be selected by default)
2026-09-08 18:19:15.494 [restartedMain] WARN  o.h.boot.model.internal.ToOneBinder [reqId=N/A, user=N/A] - HHH000491: 'com.decisionhub.entity.Community.owner' uses both @NotFound and FetchType.LAZY. @ManyToOne and @OneToOne associations mapped with @NotFound are forced to EAGER fetching.
2026-09-08 18:19:15.510 [restartedMain] WARN  o.h.boot.model.internal.ToOneBinder [reqId=N/A, user=N/A] - HHH000491: 'com.decisionhub.entity.Decision.community' uses both @NotFound and FetchType.LAZY. @ManyToOne and @OneToOne associations mapped with @NotFound are forced to EAGER fetching.
2026-09-08 18:19:15.511 [restartedMain] WARN  o.h.boot.model.internal.ToOneBinder [reqId=N/A, user=N/A] - HHH000491: 'com.decisionhub.entity.Decision.createdBy' uses both @NotFound and FetchType.LAZY. @ManyToOne and @OneToOne associations mapped with @NotFound are forced to EAGER fetching.
2026-09-08 18:19:15.579 [restartedMain] WARN  o.h.boot.model.internal.ToOneBinder [reqId=N/A, user=N/A] - HHH000491: 'com.decisionhub.entity.Vote.decision' uses both @NotFound and FetchType.LAZY. @ManyToOne and @OneToOne associations mapped with @NotFound are forced to EAGER fetching.
2026-09-08 18:19:15.580 [restartedMain] WARN  o.h.boot.model.internal.ToOneBinder [reqId=N/A, user=N/A] - HHH000491: 'com.decisionhub.entity.Vote.user' uses both @NotFound and FetchType.LAZY. @ManyToOne and @OneToOne associations mapped with @NotFound are forced to EAGER fetching.
2026-09-08 18:19:15.585 [restartedMain] WARN  o.h.boot.model.internal.ToOneBinder [reqId=N/A, user=N/A] - HHH000491: 'com.decisionhub.entity.VoteSelection.option' uses both @NotFound and FetchType.LAZY. @ManyToOne and @OneToOne associations mapped with @NotFound are forced to EAGER fetching.
2026-09-08 18:19:15.586 [restartedMain] WARN  o.h.boot.model.internal.ToOneBinder [reqId=N/A, user=N/A] - HHH000491: 'com.decisionhub.entity.VoteSelection.vote' uses both @NotFound and FetchType.LAZY. @ManyToOne and @OneToOne associations mapped with @NotFound are forced to EAGER fetching.
2026-09-08 18:19:16.930 [restartedMain] INFO  o.h.e.t.j.p.i.JtaPlatformInitiator [reqId=N/A, user=N/A] - HHH000489: No JTA platform available (set 'hibernate.transaction.jta.platform' to enable JTA platform integration)
2026-09-08 18:19:17.319 [restartedMain] INFO  o.s.o.j.LocalContainerEntityManagerFactoryBean [reqId=N/A, user=N/A] - Initialized JPA EntityManagerFactory for persistence unit 'default'
2026-09-08 18:19:17.696 [restartedMain] INFO  o.s.d.j.r.query.QueryEnhancerFactory [reqId=N/A, user=N/A] - Hibernate is in classpath; If applicable, HQL parser will be used.
2026-09-08 18:19:18.268 [restartedMain] DEBUG c.d.s.jwt.JwtAuthenticationFilter [reqId=N/A, user=N/A] - Filter 'jwtAuthenticationFilter' configured for use
2026-09-08 18:19:18.270 [restartedMain] DEBUG c.d.filter.MdcLoggingFilter [reqId=N/A, user=N/A] - Filter 'mdcLoggingFilter' configured for use
2026-09-08 18:19:19.480 [restartedMain] INFO  o.s.s.c.a.a.c.InitializeUserDetailsBeanManagerConfigurer$InitializeUserDetailsManagerConfigurer [reqId=N/A, user=N/A] - Global AuthenticationManager configured with UserDetailsService bean with name customUserDetailsServiceImpl
2026-09-08 18:19:19.617 [restartedMain] INFO  c.d.s.impl.LocalStorageServiceImpl [reqId=N/A, user=N/A] - Storage directory initialized successfully at: C:\Users\pabhi\Desktop\collab\Collaborative-Decision-Making-And-Community-Polling-Platform\uploads
2026-09-08 18:19:20.448 [restartedMain] INFO  o.s.b.a.e.web.EndpointLinksResolver [reqId=N/A, user=N/A] - Exposing 3 endpoints beneath base path '/actuator'
2026-09-08 18:19:20.770 [restartedMain] WARN  o.s.b.a.t.ThymeleafAutoConfiguration$DefaultTemplateResolverConfiguration [reqId=N/A, user=N/A] - Cannot find template location: classpath:/templates/ (please add some templates, check your Thymeleaf configuration, or set spring.thymeleaf.check-template-location=false)
2026-09-08 18:19:21.329 [RMI TCP Connection(1)-192.168.1.10] INFO  o.a.c.c.C.[Tomcat].[localhost].[/] [reqId=N/A, user=N/A] - Initializing Spring DispatcherServlet 'dispatcherServlet'
2026-09-08 18:19:21.330 [RMI TCP Connection(1)-192.168.1.10] INFO  o.s.web.servlet.DispatcherServlet [reqId=N/A, user=N/A] - Initializing Servlet 'dispatcherServlet'
2026-09-08 18:19:21.331 [RMI TCP Connection(1)-192.168.1.10] INFO  o.s.web.servlet.DispatcherServlet [reqId=N/A, user=N/A] - Completed initialization in 1 ms
2026-09-08 18:19:21.362 [restartedMain] INFO  o.s.b.d.a.OptionalLiveReloadServer [reqId=N/A, user=N/A] - LiveReload server is running on port 35729
2026-09-08 18:19:21.477 [restartedMain] INFO  o.a.coyote.http11.Http11NioProtocol [reqId=N/A, user=N/A] - Starting ProtocolHandler ["http-nio-8080"]
2026-09-08 18:19:21.514 [restartedMain] INFO  o.s.b.w.e.tomcat.TomcatWebServer [reqId=N/A, user=N/A] - Tomcat started on port 8080 (http) with context path '/'
2026-09-08 18:19:21.531 [restartedMain] INFO  c.decisionhub.DecisionHubApplication [reqId=N/A, user=N/A] - Started DecisionHubApplication in 12.894 seconds (process running for 13.709)
2026-09-08 18:19:21.586 [restartedMain] INFO  c.decisionhub.config.DataInitializer [reqId=N/A, user=N/A] - Initializing database with default roles, users, communities and decisions...
2026-09-08 18:19:21.829 [restartedMain] INFO  c.decisionhub.config.DataInitializer [reqId=N/A, user=N/A] - Database initialization completed.
2026-09-08 18:19:50.840 [http-nio-8080-exec-3] DEBUG c.d.interceptor.LoggingInterceptor [reqId=779593a5, user=N/A] - HTTP Incoming Request: GET /api/users/me from IP 0:0:0:0:0:0:0:1
2026-09-08 18:19:50.886 [http-nio-8080-exec-3] INFO  c.d.interceptor.LoggingInterceptor [reqId=779593a5, user=N/A] - HTTP Request Completed: GET /api/users/me -> Status 200 [46 ms]
2026-09-08 18:19:50.900 [http-nio-8080-exec-4] DEBUG c.d.interceptor.LoggingInterceptor [reqId=571f329a, user=N/A] - HTTP Incoming Request: GET /api/users/me from IP 0:0:0:0:0:0:0:1
2026-09-08 18:19:50.904 [http-nio-8080-exec-4] INFO  c.d.interceptor.LoggingInterceptor [reqId=571f329a, user=N/A] - HTTP Request Completed: GET /api/users/me -> Status 200 [4 ms]
2026-09-08 18:20:00.011 [scheduling-1] INFO  c.d.scheduler.DecisionScheduler [reqId=N/A, user=N/A] - Running DecisionScheduler: checking for expired active decision boards...
2026-09-08 18:20:09.376 [http-nio-8080-exec-6] DEBUG c.d.interceptor.LoggingInterceptor [reqId=c52281a3, user=N/A] - HTTP Incoming Request: POST /api/auth/login from IP 0:0:0:0:0:0:0:1
2026-09-08 18:20:09.934 [http-nio-8080-exec-6] WARN  c.d.interceptor.LoggingInterceptor [reqId=c52281a3, user=N/A] - SLOW API ALERT: POST /api/auth/login returned 200 in 558 ms
2026-09-08 18:20:10.010 [http-nio-8080-exec-3] DEBUG c.d.interceptor.LoggingInterceptor [reqId=e9b7a29b, user=N/A] - HTTP Incoming Request: GET /api/notifications from IP 0:0:0:0:0:0:0:1
2026-09-08 18:20:10.024 [http-nio-8080-exec-4] DEBUG c.d.interceptor.LoggingInterceptor [reqId=2d7ae719, user=N/A] - HTTP Incoming Request: GET /api/communities from IP 0:0:0:0:0:0:0:1
2026-09-08 18:20:10.024 [http-nio-8080-exec-1] DEBUG c.d.interceptor.LoggingInterceptor [reqId=cf91be33, user=N/A] - HTTP Incoming Request: GET /api/notifications/unread-count from IP 0:0:0:0:0:0:0:1
2026-09-08 18:20:10.024 [http-nio-8080-exec-6] DEBUG c.d.interceptor.LoggingInterceptor [reqId=a8ec89b0, user=N/A] - HTTP Incoming Request: GET /api/analytics/user/3 from IP 0:0:0:0:0:0:0:1
2026-09-08 18:20:10.025 [http-nio-8080-exec-5] DEBUG c.d.interceptor.LoggingInterceptor [reqId=0e7d0ccc, user=N/A] - HTTP Incoming Request: GET /api/decisions/latest from IP 0:0:0:0:0:0:0:1
2026-09-08 18:20:10.046 [http-nio-8080-exec-1] INFO  c.d.interceptor.LoggingInterceptor [reqId=cf91be33, user=N/A] - HTTP Request Completed: GET /api/notifications/unread-count -> Status 200 [22 ms]
2026-09-08 18:20:10.085 [http-nio-8080-exec-3] INFO  c.d.interceptor.LoggingInterceptor [reqId=e9b7a29b, user=N/A] - HTTP Request Completed: GET /api/notifications -> Status 200 [75 ms]
2026-09-08 18:20:10.086 [http-nio-8080-exec-6] INFO  c.d.interceptor.LoggingInterceptor [reqId=a8ec89b0, user=N/A] - HTTP Request Completed: GET /api/analytics/user/3 -> Status 200 [62 ms]
2026-09-08 18:20:10.108 [http-nio-8080-exec-4] INFO  c.d.interceptor.LoggingInterceptor [reqId=2d7ae719, user=N/A] - HTTP Request Completed: GET /api/communities -> Status 200 [83 ms]
2026-09-08 18:20:10.264 [http-nio-8080-exec-5] INFO  c.d.interceptor.LoggingInterceptor [reqId=0e7d0ccc, user=N/A] - HTTP Request Completed: GET /api/decisions/latest -> Status 200 [239 ms]
2026-09-08 18:20:13.193 [http-nio-8080-exec-7] DEBUG c.d.interceptor.LoggingInterceptor [reqId=5b91b0f1, user=N/A] - HTTP Incoming Request: GET /api/communities/my from IP 0:0:0:0:0:0:0:1
2026-09-08 18:20:13.208 [http-nio-8080-exec-7] INFO  c.d.interceptor.LoggingInterceptor [reqId=5b91b0f1, user=N/A] - HTTP Request Completed: GET /api/communities/my -> Status 200 [15 ms]
2026-09-08 18:20:13.975 [http-nio-8080-exec-3] DEBUG c.d.interceptor.LoggingInterceptor [reqId=daf8dc3b, user=N/A] - HTTP Incoming Request: GET /api/decisions from IP 0:0:0:0:0:0:0:1
2026-09-08 18:20:13.975 [http-nio-8080-exec-6] DEBUG c.d.interceptor.LoggingInterceptor [reqId=bd27b910, user=N/A] - HTTP Incoming Request: GET /api/decisions/popular from IP 0:0:0:0:0:0:0:1
2026-09-08 18:20:13.975 [http-nio-8080-exec-5] DEBUG c.d.interceptor.LoggingInterceptor [reqId=e18558d8, user=N/A] - HTTP Incoming Request: GET /api/decisions/trending from IP 0:0:0:0:0:0:0:1
2026-09-08 18:20:13.975 [http-nio-8080-exec-4] DEBUG c.d.interceptor.LoggingInterceptor [reqId=15d8764e, user=N/A] - HTTP Incoming Request: GET /api/decisions/latest from IP 0:0:0:0:0:0:0:1
2026-09-08 18:20:14.062 [http-nio-8080-exec-5] INFO  c.d.interceptor.LoggingInterceptor [reqId=e18558d8, user=N/A] - HTTP Request Completed: GET /api/decisions/trending -> Status 200 [87 ms]
2026-09-08 18:20:14.088 [http-nio-8080-exec-6] INFO  c.d.interceptor.LoggingInterceptor [reqId=bd27b910, user=N/A] - HTTP Request Completed: GET /api/decisions/popular -> Status 200 [113 ms]
2026-09-08 18:20:14.101 [http-nio-8080-exec-4] INFO  c.d.interceptor.LoggingInterceptor [reqId=15d8764e, user=N/A] - HTTP Request Completed: GET /api/decisions/latest -> Status 200 [126 ms]
2026-09-08 18:20:14.148 [http-nio-8080-exec-3] INFO  c.d.interceptor.LoggingInterceptor [reqId=daf8dc3b, user=N/A] - HTTP Request Completed: GET /api/decisions -> Status 200 [173 ms]
2026-09-08 18:20:14.776 [http-nio-8080-exec-7] DEBUG c.d.interceptor.LoggingInterceptor [reqId=f8fe7bb6, user=N/A] - HTTP Incoming Request: GET /api/decisions from IP 0:0:0:0:0:0:0:1
2026-09-08 18:20:14.808 [http-nio-8080-exec-7] INFO  c.d.interceptor.LoggingInterceptor [reqId=f8fe7bb6, user=N/A] - HTTP Request Completed: GET /api/decisions -> Status 200 [32 ms]
2026-09-08 18:20:15.637 [http-nio-8080-exec-2] DEBUG c.d.interceptor.LoggingInterceptor [reqId=7d37c366, user=N/A] - HTTP Incoming Request: GET /api/users/me/saved from IP 0:0:0:0:0:0:0:1
2026-09-08 18:20:15.649 [http-nio-8080-exec-2] INFO  c.d.interceptor.LoggingInterceptor [reqId=7d37c366, user=N/A] - HTTP Request Completed: GET /api/users/me/saved -> Status 200 [12 ms]
2026-09-08 18:20:18.688 [http-nio-8080-exec-1] DEBUG c.d.interceptor.LoggingInterceptor [reqId=dc884542, user=N/A] - HTTP Incoming Request: POST /api/auth/logout from IP 0:0:0:0:0:0:0:1
2026-09-08 18:20:18.731 [http-nio-8080-exec-1] INFO  c.d.service.impl.AuthServiceImpl [reqId=dc884542, user=N/A] - Token has been blacklisted for logout.
2026-09-08 18:20:18.734 [http-nio-8080-exec-1] INFO  c.d.interceptor.LoggingInterceptor [reqId=dc884542, user=N/A] - HTTP Request Completed: POST /api/auth/logout -> Status 200 [46 ms]
2026-09-08 18:20:25.401 [http-nio-8080-exec-5] DEBUG c.d.interceptor.LoggingInterceptor [reqId=d2a847ff, user=N/A] - HTTP Incoming Request: POST /api/auth/login from IP 0:0:0:0:0:0:0:1
2026-09-08 18:20:25.649 [http-nio-8080-exec-5] INFO  c.d.interceptor.LoggingInterceptor [reqId=d2a847ff, user=N/A] - HTTP Request Completed: POST /api/auth/login -> Status 200 [248 ms]
2026-09-08 18:20:25.709 [http-nio-8080-exec-4] DEBUG c.d.interceptor.LoggingInterceptor [reqId=bb9c6f06, user=N/A] - HTTP Incoming Request: GET /api/users/me/saved from IP 0:0:0:0:0:0:0:1
2026-09-08 18:20:25.709 [http-nio-8080-exec-3] DEBUG c.d.interceptor.LoggingInterceptor [reqId=efc681ef, user=N/A] - HTTP Incoming Request: GET /api/notifications from IP 0:0:0:0:0:0:0:1
2026-09-08 18:20:25.709 [http-nio-8080-exec-6] DEBUG c.d.interceptor.LoggingInterceptor [reqId=f8e84787, user=N/A] - HTTP Incoming Request: GET /api/notifications/unread-count from IP 0:0:0:0:0:0:0:1
2026-09-08 18:20:25.714 [http-nio-8080-exec-6] INFO  c.d.interceptor.LoggingInterceptor [reqId=f8e84787, user=N/A] - HTTP Request Completed: GET /api/notifications/unread-count -> Status 200 [5 ms]
2026-09-08 18:20:25.714 [http-nio-8080-exec-3] INFO  c.d.interceptor.LoggingInterceptor [reqId=efc681ef, user=N/A] - HTTP Request Completed: GET /api/notifications -> Status 200 [5 ms]
2026-09-08 18:20:25.718 [http-nio-8080-exec-4] INFO  c.d.interceptor.LoggingInterceptor [reqId=bb9c6f06, user=N/A] - HTTP Request Completed: GET /api/users/me/saved -> Status 200 [9 ms]
2026-09-08 18:20:29.425 [http-nio-8080-exec-7] DEBUG c.d.interceptor.LoggingInterceptor [reqId=88c8cc9f, user=N/A] - HTTP Incoming Request: GET /api/abuse-reports/admin from IP 0:0:0:0:0:0:0:1
2026-09-08 18:20:29.470 [http-nio-8080-exec-7] WARN  o.s.d.w.c.SpringDataJacksonConfiguration$PageModule$PlainPageSerializationWarning [reqId=88c8cc9f, user=N/A] - Serializing PageImpl instances as-is is not supported, meaning that there is no guarantee about the stability of the resulting JSON structure!
	For a stable JSON structure, please use Spring Data's PagedModel (globally via @EnableSpringDataWebSupport(pageSerializationMode = VIA_DTO))
	or Spring HATEOAS and Spring Data's PagedResourcesAssembler as documented in https://docs.spring.io/spring-data/commons/reference/repositories/core-extensions.html#core.web.pageables.

2026-09-08 18:20:29.477 [http-nio-8080-exec-7] INFO  c.d.interceptor.LoggingInterceptor [reqId=88c8cc9f, user=N/A] - HTTP Request Completed: GET /api/abuse-reports/admin -> Status 200 [52 ms]
2026-09-08 18:24:22.354 [http-nio-8080-exec-3] DEBUG c.d.interceptor.LoggingInterceptor [reqId=2984e7da, user=N/A] - HTTP Incoming Request: GET /api/users/me from IP 0:0:0:0:0:0:0:1
2026-09-08 18:24:22.360 [http-nio-8080-exec-3] INFO  c.d.interceptor.LoggingInterceptor [reqId=2984e7da, user=N/A] - HTTP Request Completed: GET /api/users/me -> Status 200 [6 ms]
2026-09-08 18:24:22.377 [http-nio-8080-exec-6] DEBUG c.d.interceptor.LoggingInterceptor [reqId=2ac0d7ec, user=N/A] - HTTP Incoming Request: GET /api/users/me from IP 0:0:0:0:0:0:0:1
2026-09-08 18:24:22.384 [http-nio-8080-exec-6] INFO  c.d.interceptor.LoggingInterceptor [reqId=2ac0d7ec, user=N/A] - HTTP Request Completed: GET /api/users/me -> Status 200 [7 ms]
2026-09-08 18:24:22.509 [http-nio-8080-exec-7] DEBUG c.d.interceptor.LoggingInterceptor [reqId=ac4e7c4c, user=N/A] - HTTP Incoming Request: GET /api/abuse-reports/admin from IP 0:0:0:0:0:0:0:1
2026-09-08 18:24:22.509 [http-nio-8080-exec-4] DEBUG c.d.interceptor.LoggingInterceptor [reqId=f392be2f, user=N/A] - HTTP Incoming Request: GET /api/notifications/unread-count from IP 0:0:0:0:0:0:0:1
2026-09-08 18:24:22.509 [http-nio-8080-exec-8] DEBUG c.d.interceptor.LoggingInterceptor [reqId=eb759139, user=N/A] - HTTP Incoming Request: GET /api/notifications from IP 0:0:0:0:0:0:0:1
2026-09-08 18:24:22.516 [http-nio-8080-exec-8] INFO  c.d.interceptor.LoggingInterceptor [reqId=eb759139, user=N/A] - HTTP Request Completed: GET /api/notifications -> Status 200 [7 ms]
2026-09-08 18:24:22.522 [http-nio-8080-exec-4] INFO  c.d.interceptor.LoggingInterceptor [reqId=f392be2f, user=N/A] - HTTP Request Completed: GET /api/notifications/unread-count -> Status 200 [13 ms]
2026-09-08 18:24:22.532 [http-nio-8080-exec-7] INFO  c.d.interceptor.LoggingInterceptor [reqId=ac4e7c4c, user=N/A] - HTTP Request Completed: GET /api/abuse-reports/admin -> Status 200 [23 ms]
2026-09-08 18:25:00.007 [scheduling-1] INFO  c.d.scheduler.DecisionScheduler [reqId=N/A, user=N/A] - Running DecisionScheduler: checking for expired active decision boards...
2026-09-08 18:30:00.005 [scheduling-1] INFO  c.d.scheduler.DecisionScheduler [reqId=N/A, user=N/A] - Running DecisionScheduler: checking for expired active decision boards...
2026-09-08 18:31:52.572 [http-nio-8080-exec-1] DEBUG c.d.interceptor.LoggingInterceptor [reqId=9fecb86d, user=N/A] - HTTP Incoming Request: GET /api/notifications from IP 0:0:0:0:0:0:0:1
2026-09-08 18:31:52.572 [http-nio-8080-exec-5] DEBUG c.d.interceptor.LoggingInterceptor [reqId=64ef209f, user=N/A] - HTTP Incoming Request: GET /api/notifications/unread-count from IP 0:0:0:0:0:0:0:1
2026-09-08 18:31:52.576 [http-nio-8080-exec-1] INFO  c.d.interceptor.LoggingInterceptor [reqId=9fecb86d, user=N/A] - HTTP Request Completed: GET /api/notifications -> Status 200 [4 ms]
2026-09-08 18:31:52.578 [http-nio-8080-exec-5] INFO  c.d.interceptor.LoggingInterceptor [reqId=64ef209f, user=N/A] - HTTP Request Completed: GET /api/notifications/unread-count -> Status 200 [6 ms]
2026-09-08 18:32:07.594 [http-nio-8080-exec-3] DEBUG c.d.interceptor.LoggingInterceptor [reqId=828ce66d, user=N/A] - HTTP Incoming Request: GET /api/notifications/unread-count from IP 0:0:0:0:0:0:0:1
2026-09-08 18:32:07.597 [http-nio-8080-exec-3] INFO  c.d.interceptor.LoggingInterceptor [reqId=828ce66d, user=N/A] - HTTP Request Completed: GET /api/notifications/unread-count -> Status 200 [3 ms]
2026-09-08 18:32:10.275 [http-nio-8080-exec-6] DEBUG c.d.interceptor.LoggingInterceptor [reqId=945cba82, user=N/A] - HTTP Incoming Request: GET /api/users/me from IP 0:0:0:0:0:0:0:1
2026-09-08 18:32:10.277 [http-nio-8080-exec-4] DEBUG c.d.interceptor.LoggingInterceptor [reqId=ec7807b9, user=N/A] - HTTP Incoming Request: GET /api/users/me/preferences from IP 0:0:0:0:0:0:0:1
2026-09-08 18:32:10.279 [http-nio-8080-exec-6] INFO  c.d.interceptor.LoggingInterceptor [reqId=945cba82, user=N/A] - HTTP Request Completed: GET /api/users/me -> Status 200 [4 ms]
2026-09-08 18:32:10.329 [http-nio-8080-exec-4] INFO  c.d.interceptor.LoggingInterceptor [reqId=ec7807b9, user=N/A] - HTTP Request Completed: GET /api/users/me/preferences -> Status 200 [52 ms]
2026-09-08 18:32:13.274 [http-nio-8080-exec-9] DEBUG c.d.interceptor.LoggingInterceptor [reqId=7ee07248, user=N/A] - HTTP Incoming Request: PUT /api/users/me/preferences from IP 0:0:0:0:0:0:0:1
2026-09-08 18:32:13.313 [http-nio-8080-exec-9] INFO  c.d.interceptor.LoggingInterceptor [reqId=7ee07248, user=N/A] - HTTP Request Completed: PUT /api/users/me/preferences -> Status 200 [39 ms]
2026-09-08 18:32:17.484 [http-nio-8080-exec-2] DEBUG c.d.interceptor.LoggingInterceptor [reqId=183d79c3, user=N/A] - HTTP Incoming Request: PUT /api/users/me/preferences from IP 0:0:0:0:0:0:0:1
2026-09-08 18:32:17.497 [http-nio-8080-exec-2] INFO  c.d.interceptor.LoggingInterceptor [reqId=183d79c3, user=N/A] - HTTP Request Completed: PUT /api/users/me/preferences -> Status 200 [11 ms]
2026-09-08 18:32:19.154 [http-nio-8080-exec-6] DEBUG c.d.interceptor.LoggingInterceptor [reqId=361d01e5, user=N/A] - HTTP Incoming Request: GET /api/reports from IP 0:0:0:0:0:0:0:1
2026-09-08 18:32:19.154 [http-nio-8080-exec-4] DEBUG c.d.interceptor.LoggingInterceptor [reqId=020e3040, user=N/A] - HTTP Incoming Request: GET /api/decisions from IP 0:0:0:0:0:0:0:1
2026-09-08 18:32:19.154 [http-nio-8080-exec-8] DEBUG c.d.interceptor.LoggingInterceptor [reqId=3f753be3, user=N/A] - HTTP Incoming Request: GET /api/decisions from IP 0:0:0:0:0:0:0:1
2026-09-08 18:32:19.159 [http-nio-8080-exec-7] DEBUG c.d.interceptor.LoggingInterceptor [reqId=9a275bbf, user=N/A] - HTTP Incoming Request: GET /api/communities from IP 0:0:0:0:0:0:0:1
2026-09-08 18:32:19.175 [http-nio-8080-exec-7] INFO  c.d.interceptor.LoggingInterceptor [reqId=9a275bbf, user=N/A] - HTTP Request Completed: GET /api/communities -> Status 200 [16 ms]
2026-09-08 18:32:19.181 [http-nio-8080-exec-6] INFO  c.d.interceptor.LoggingInterceptor [reqId=361d01e5, user=N/A] - HTTP Request Completed: GET /api/reports -> Status 200 [27 ms]
2026-09-08 18:32:19.184 [http-nio-8080-exec-4] INFO  c.d.interceptor.LoggingInterceptor [reqId=020e3040, user=N/A] - HTTP Request Completed: GET /api/decisions -> Status 200 [30 ms]
2026-09-08 18:32:19.247 [http-nio-8080-exec-8] INFO  c.d.interceptor.LoggingInterceptor [reqId=3f753be3, user=N/A] - HTTP Request Completed: GET /api/decisions -> Status 200 [93 ms]
2026-09-08 18:32:22.593 [http-nio-8080-exec-9] DEBUG c.d.interceptor.LoggingInterceptor [reqId=2589da90, user=N/A] - HTTP Incoming Request: GET /api/notifications from IP 0:0:0:0:0:0:0:1
2026-09-08 18:32:22.598 [http-nio-8080-exec-9] INFO  c.d.interceptor.LoggingInterceptor [reqId=2589da90, user=N/A] - HTTP Request Completed: GET /api/notifications -> Status 200 [5 ms]
2026-09-08 18:32:22.613 [http-nio-8080-exec-2] DEBUG c.d.interceptor.LoggingInterceptor [reqId=2dc6e11a, user=N/A] - HTTP Incoming Request: GET /api/notifications/unread-count from IP 0:0:0:0:0:0:0:1
2026-09-08 18:32:22.619 [http-nio-8080-exec-2] INFO  c.d.interceptor.LoggingInterceptor [reqId=2dc6e11a, user=N/A] - HTTP Request Completed: GET /api/notifications/unread-count -> Status 200 [6 ms]
2026-09-08 18:32:24.319 [http-nio-8080-exec-10] DEBUG c.d.interceptor.LoggingInterceptor [reqId=f0cf430e, user=N/A] - HTTP Incoming Request: GET /api/abuse-reports/admin from IP 0:0:0:0:0:0:0:1
2026-09-08 18:32:24.332 [http-nio-8080-exec-10] INFO  c.d.interceptor.LoggingInterceptor [reqId=f0cf430e, user=N/A] - HTTP Request Completed: GET /api/abuse-reports/admin -> Status 200 [13 ms]
2026-09-08 18:32:37.650 [http-nio-8080-exec-1] DEBUG c.d.interceptor.LoggingInterceptor [reqId=1d51857f, user=N/A] - HTTP Incoming Request: GET /api/notifications/unread-count from IP 0:0:0:0:0:0:0:1
2026-09-08 18:32:37.656 [http-nio-8080-exec-1] INFO  c.d.interceptor.LoggingInterceptor [reqId=1d51857f, user=N/A] - HTTP Request Completed: GET /api/notifications/unread-count -> Status 200 [6 ms]
2026-09-08 18:32:39.579 [http-nio-8080-exec-5] DEBUG c.d.interceptor.LoggingInterceptor [reqId=984fdadc, user=N/A] - HTTP Incoming Request: GET /api/decisions from IP 0:0:0:0:0:0:0:1
2026-09-08 18:32:39.579 [http-nio-8080-exec-6] DEBUG c.d.interceptor.LoggingInterceptor [reqId=b4a4a83f, user=N/A] - HTTP Incoming Request: GET /api/decisions/latest from IP 0:0:0:0:0:0:0:1
2026-09-08 18:32:39.579 [http-nio-8080-exec-7] DEBUG c.d.interceptor.LoggingInterceptor [reqId=b97388f7, user=N/A] - HTTP Incoming Request: GET /api/decisions/popular from IP 0:0:0:0:0:0:0:1
2026-09-08 18:32:39.579 [http-nio-8080-exec-3] DEBUG c.d.interceptor.LoggingInterceptor [reqId=e756519e, user=N/A] - HTTP Incoming Request: GET /api/decisions/trending from IP 0:0:0:0:0:0:0:1
2026-09-08 18:32:39.647 [http-nio-8080-exec-3] INFO  c.d.interceptor.LoggingInterceptor [reqId=e756519e, user=N/A] - HTTP Request Completed: GET /api/decisions/trending -> Status 200 [68 ms]
2026-09-08 18:32:39.647 [http-nio-8080-exec-6] INFO  c.d.interceptor.LoggingInterceptor [reqId=b4a4a83f, user=N/A] - HTTP Request Completed: GET /api/decisions/latest -> Status 200 [68 ms]
2026-09-08 18:32:39.648 [http-nio-8080-exec-7] INFO  c.d.interceptor.LoggingInterceptor [reqId=b97388f7, user=N/A] - HTTP Request Completed: GET /api/decisions/popular -> Status 200 [69 ms]
2026-09-08 18:32:39.670 [http-nio-8080-exec-5] INFO  c.d.interceptor.LoggingInterceptor [reqId=984fdadc, user=N/A] - HTTP Request Completed: GET /api/decisions -> Status 200 [91 ms]
2026-09-08 18:32:43.174 [http-nio-8080-exec-4] DEBUG c.d.interceptor.LoggingInterceptor [reqId=ad27a32a, user=N/A] - HTTP Incoming Request: POST /api/auth/logout from IP 0:0:0:0:0:0:0:1
2026-09-08 18:32:43.177 [http-nio-8080-exec-4] INFO  c.d.service.impl.AuthServiceImpl [reqId=ad27a32a, user=N/A] - Token has been blacklisted for logout.
2026-09-08 18:32:43.179 [http-nio-8080-exec-4] INFO  c.d.interceptor.LoggingInterceptor [reqId=ad27a32a, user=N/A] - HTTP Request Completed: POST /api/auth/logout -> Status 200 [5 ms]
2026-09-08 18:32:50.141 [http-nio-8080-exec-8] DEBUG c.d.interceptor.LoggingInterceptor [reqId=600fb71a, user=N/A] - HTTP Incoming Request: POST /api/auth/login from IP 0:0:0:0:0:0:0:1
2026-09-08 18:32:50.389 [http-nio-8080-exec-8] INFO  c.d.interceptor.LoggingInterceptor [reqId=600fb71a, user=N/A] - HTTP Request Completed: POST /api/auth/login -> Status 200 [248 ms]
2026-09-08 18:32:50.488 [http-nio-8080-exec-7] DEBUG c.d.interceptor.LoggingInterceptor [reqId=35ee5b59, user=N/A] - HTTP Incoming Request: GET /api/decisions/popular from IP 0:0:0:0:0:0:0:1
2026-09-08 18:32:50.488 [http-nio-8080-exec-1] DEBUG c.d.interceptor.LoggingInterceptor [reqId=c53cefb0, user=N/A] - HTTP Incoming Request: GET /api/decisions/trending from IP 0:0:0:0:0:0:0:1
2026-09-08 18:32:50.488 [http-nio-8080-exec-2] DEBUG c.d.interceptor.LoggingInterceptor [reqId=15d0cc15, user=N/A] - HTTP Incoming Request: GET /api/notifications from IP 0:0:0:0:0:0:0:1
2026-09-08 18:32:50.488 [http-nio-8080-exec-6] DEBUG c.d.interceptor.LoggingInterceptor [reqId=edea5159, user=N/A] - HTTP Incoming Request: GET /api/decisions/latest from IP 0:0:0:0:0:0:0:1
2026-09-08 18:32:50.489 [http-nio-8080-exec-9] DEBUG c.d.interceptor.LoggingInterceptor [reqId=9ce546ce, user=N/A] - HTTP Incoming Request: GET /api/notifications/unread-count from IP 0:0:0:0:0:0:0:1
2026-09-08 18:32:50.495 [http-nio-8080-exec-9] INFO  c.d.interceptor.LoggingInterceptor [reqId=9ce546ce, user=N/A] - HTTP Request Completed: GET /api/notifications/unread-count -> Status 200 [6 ms]
2026-09-08 18:32:50.499 [http-nio-8080-exec-2] INFO  c.d.interceptor.LoggingInterceptor [reqId=15d0cc15, user=N/A] - HTTP Request Completed: GET /api/notifications -> Status 200 [11 ms]
2026-09-08 18:32:50.504 [http-nio-8080-exec-10] DEBUG c.d.interceptor.LoggingInterceptor [reqId=5e0c91b5, user=N/A] - HTTP Incoming Request: GET /api/decisions from IP 0:0:0:0:0:0:0:1
2026-09-08 18:32:50.547 [http-nio-8080-exec-7] INFO  c.d.interceptor.LoggingInterceptor [reqId=35ee5b59, user=N/A] - HTTP Request Completed: GET /api/decisions/popular -> Status 200 [59 ms]
2026-09-08 18:32:50.547 [http-nio-8080-exec-6] INFO  c.d.interceptor.LoggingInterceptor [reqId=edea5159, user=N/A] - HTTP Request Completed: GET /api/decisions/latest -> Status 200 [59 ms]
2026-09-08 18:32:50.604 [http-nio-8080-exec-1] INFO  c.d.interceptor.LoggingInterceptor [reqId=c53cefb0, user=N/A] - HTTP Request Completed: GET /api/decisions/trending -> Status 200 [116 ms]
2026-09-08 18:32:50.629 [http-nio-8080-exec-10] INFO  c.d.interceptor.LoggingInterceptor [reqId=5e0c91b5, user=N/A] - HTTP Request Completed: GET /api/decisions -> Status 200 [125 ms]
2026-09-08 18:34:59.177 [http-nio-8080-exec-7] DEBUG c.d.interceptor.LoggingInterceptor [reqId=aee168e7, user=N/A] - HTTP Incoming Request: GET /api/notifications/unread-count from IP 0:0:0:0:0:0:0:1
2026-09-08 18:34:59.183 [http-nio-8080-exec-7] INFO  c.d.interceptor.LoggingInterceptor [reqId=aee168e7, user=N/A] - HTTP Request Completed: GET /api/notifications/unread-count -> Status 200 [6 ms]
2026-09-08 18:35:00.014 [scheduling-1] INFO  c.d.scheduler.DecisionScheduler [reqId=N/A, user=N/A] - Running DecisionScheduler: checking for expired active decision boards...
2026-09-08 18:40:00.007 [scheduling-1] INFO  c.d.scheduler.DecisionScheduler [reqId=N/A, user=N/A] - Running DecisionScheduler: checking for expired active decision boards...
2026-09-08 18:44:42.040 [http-nio-8080-exec-1] DEBUG c.d.interceptor.LoggingInterceptor [reqId=039d0ab1, user=N/A] - HTTP Incoming Request: GET /api/notifications/unread-count from IP 0:0:0:0:0:0:0:1
2026-09-08 18:44:42.051 [http-nio-8080-exec-10] DEBUG c.d.interceptor.LoggingInterceptor [reqId=63cc8142, user=N/A] - HTTP Incoming Request: GET /api/notifications from IP 0:0:0:0:0:0:0:1
2026-09-08 18:44:42.058 [http-nio-8080-exec-1] INFO  c.d.interceptor.LoggingInterceptor [reqId=039d0ab1, user=N/A] - HTTP Request Completed: GET /api/notifications/unread-count -> Status 200 [18 ms]
2026-09-08 18:44:42.076 [http-nio-8080-exec-10] INFO  c.d.interceptor.LoggingInterceptor [reqId=63cc8142, user=N/A] - HTTP Request Completed: GET /api/notifications -> Status 200 [25 ms]
2026-09-08 18:44:47.762 [http-nio-8080-exec-5] DEBUG c.d.interceptor.LoggingInterceptor [reqId=eb5efae7, user=N/A] - HTTP Incoming Request: POST /api/auth/logout from IP 0:0:0:0:0:0:0:1
2026-09-08 18:44:47.765 [http-nio-8080-exec-5] INFO  c.d.service.impl.AuthServiceImpl [reqId=eb5efae7, user=N/A] - Token has been blacklisted for logout.
2026-09-08 18:44:47.768 [http-nio-8080-exec-5] INFO  c.d.interceptor.LoggingInterceptor [reqId=eb5efae7, user=N/A] - HTTP Request Completed: POST /api/auth/logout -> Status 200 [6 ms]
2026-09-08 18:44:51.265 [http-nio-8080-exec-2] DEBUG c.d.interceptor.LoggingInterceptor [reqId=e005ca64, user=N/A] - HTTP Incoming Request: POST /api/auth/login from IP 0:0:0:0:0:0:0:1
2026-09-08 18:44:51.514 [http-nio-8080-exec-2] INFO  c.d.interceptor.LoggingInterceptor [reqId=e005ca64, user=N/A] - HTTP Request Completed: POST /api/auth/login -> Status 200 [249 ms]
2026-09-08 18:44:51.635 [http-nio-8080-exec-7] DEBUG c.d.interceptor.LoggingInterceptor [reqId=e1b0a2b0, user=N/A] - HTTP Incoming Request: GET /api/decisions/popular from IP 0:0:0:0:0:0:0:1
2026-09-08 18:44:51.635 [http-nio-8080-exec-3] DEBUG c.d.interceptor.LoggingInterceptor [reqId=46d5664e, user=N/A] - HTTP Incoming Request: GET /api/notifications/unread-count from IP 0:0:0:0:0:0:0:1
2026-09-08 18:44:51.642 [http-nio-8080-exec-9] DEBUG c.d.interceptor.LoggingInterceptor [reqId=83bfab69, user=N/A] - HTTP Incoming Request: GET /api/notifications from IP 0:0:0:0:0:0:0:1
2026-09-08 18:44:51.649 [http-nio-8080-exec-3] INFO  c.d.interceptor.LoggingInterceptor [reqId=46d5664e, user=N/A] - HTTP Request Completed: GET /api/notifications/unread-count -> Status 200 [14 ms]
2026-09-08 18:44:51.650 [http-nio-8080-exec-8] DEBUG c.d.interceptor.LoggingInterceptor [reqId=198d6f3b, user=N/A] - HTTP Incoming Request: GET /api/decisions from IP 0:0:0:0:0:0:0:1
2026-09-08 18:44:51.652 [http-nio-8080-exec-6] DEBUG c.d.interceptor.LoggingInterceptor [reqId=3fb6c9fd, user=N/A] - HTTP Incoming Request: GET /api/decisions/latest from IP 0:0:0:0:0:0:0:1
2026-09-08 18:44:51.654 [http-nio-8080-exec-4] DEBUG c.d.interceptor.LoggingInterceptor [reqId=3d646028, user=N/A] - HTTP Incoming Request: GET /api/decisions/trending from IP 0:0:0:0:0:0:0:1
2026-09-08 18:44:51.660 [http-nio-8080-exec-9] INFO  c.d.interceptor.LoggingInterceptor [reqId=83bfab69, user=N/A] - HTTP Request Completed: GET /api/notifications -> Status 200 [18 ms]
2026-09-08 18:44:51.749 [http-nio-8080-exec-7] INFO  c.d.interceptor.LoggingInterceptor [reqId=e1b0a2b0, user=N/A] - HTTP Request Completed: GET /api/decisions/popular -> Status 200 [114 ms]
2026-09-08 18:44:51.759 [http-nio-8080-exec-6] INFO  c.d.interceptor.LoggingInterceptor [reqId=3fb6c9fd, user=N/A] - HTTP Request Completed: GET /api/decisions/latest -> Status 200 [107 ms]
2026-09-08 18:44:51.759 [http-nio-8080-exec-4] INFO  c.d.interceptor.LoggingInterceptor [reqId=3d646028, user=N/A] - HTTP Request Completed: GET /api/decisions/trending -> Status 200 [105 ms]
2026-09-08 18:44:51.787 [http-nio-8080-exec-8] INFO  c.d.interceptor.LoggingInterceptor [reqId=198d6f3b, user=N/A] - HTTP Request Completed: GET /api/decisions -> Status 200 [137 ms]
2026-09-08 18:45:00.011 [scheduling-1] INFO  c.d.scheduler.DecisionScheduler [reqId=N/A, user=N/A] - Running DecisionScheduler: checking for expired active decision boards...
2026-09-08 18:45:04.287 [http-nio-8080-exec-9] DEBUG c.d.interceptor.LoggingInterceptor [reqId=20649394, user=N/A] - HTTP Incoming Request: GET /api/notifications from IP 0:0:0:0:0:0:0:1
2026-09-08 18:45:04.287 [http-nio-8080-exec-3] DEBUG c.d.interceptor.LoggingInterceptor [reqId=8f6c3f27, user=N/A] - HTTP Incoming Request: GET /api/votes/my from IP 0:0:0:0:0:0:0:1
2026-09-08 18:45:04.287 [http-nio-8080-exec-2] DEBUG c.d.interceptor.LoggingInterceptor [reqId=9c2892e2, user=N/A] - HTTP Incoming Request: GET /api/decisions from IP 0:0:0:0:0:0:0:1
2026-09-08 18:45:04.296 [http-nio-8080-exec-9] INFO  c.d.interceptor.LoggingInterceptor [reqId=20649394, user=N/A] - HTTP Request Completed: GET /api/notifications -> Status 200 [9 ms]
2026-09-08 18:45:04.314 [http-nio-8080-exec-2] INFO  c.d.interceptor.LoggingInterceptor [reqId=9c2892e2, user=N/A] - HTTP Request Completed: GET /api/decisions -> Status 200 [27 ms]
2026-09-08 18:45:04.319 [http-nio-8080-exec-3] INFO  c.d.interceptor.LoggingInterceptor [reqId=8f6c3f27, user=N/A] - HTTP Request Completed: GET /api/votes/my -> Status 200 [32 ms]
2026-09-08 18:48:51.689 [http-nio-8080-exec-5] DEBUG c.d.interceptor.LoggingInterceptor [reqId=4e8a0370, user=N/A] - HTTP Incoming Request: GET /api/notifications/unread-count from IP 0:0:0:0:0:0:0:1
2026-09-08 18:48:51.689 [http-nio-8080-exec-9] DEBUG c.d.interceptor.LoggingInterceptor [reqId=270090e6, user=N/A] - HTTP Incoming Request: GET /api/notifications from IP 0:0:0:0:0:0:0:1
2026-09-08 18:48:51.694 [http-nio-8080-exec-5] INFO  c.d.interceptor.LoggingInterceptor [reqId=4e8a0370, user=N/A] - HTTP Request Completed: GET /api/notifications/unread-count -> Status 200 [5 ms]
2026-09-08 18:48:51.696 [http-nio-8080-exec-9] INFO  c.d.interceptor.LoggingInterceptor [reqId=270090e6, user=N/A] - HTTP Request Completed: GET /api/notifications -> Status 200 [7 ms]
2026-09-08 18:50:00.011 [scheduling-1] INFO  c.d.scheduler.DecisionScheduler [reqId=N/A, user=N/A] - Running DecisionScheduler: checking for expired active decision boards...
